---
source: crates/mote-shell/src/runtime.rs
expression: payload
---
{
  "plugins": [
    {
      "name": "bookmarks",
      "version": "0.1.0",
      "integrity": "Bundled",
      "source_label": "bundled"
    },
    {
      "name": "history",
      "version": "0.1.0",
      "integrity": "Bundled",
      "source_label": "bundled"
    },
    {
      "name": "workspace-manager",
      "version": "0.1.0",
      "integrity": "Bundled",
      "source_label": "bundled"
    }
  ]
}
